Flow report for top_alu
Mon Sep 28 13:25:21 2026
Quartus Prime Version 25.1std.0 Build 1129 10/21/2025 SC Lite Edition


---------------------
; Table of Contents ;
---------------------
  1. Legal Notice
  2. Flow Summary
  3. Flow Settings
  4. Flow Non-Default Global Settings
  5. Flow Elapsed Time
  6. Flow OS Summary
  7. Flow Log
  8. Flow Messages
  9. Flow Suppressed Messages



----------------
; Legal Notice ;
----------------
Copyright (C) 2025  Altera Corporation. All rights reserved.
Your use of Altera Corporation's design tools, logic functions 
and other software and tools, and any partner logic 
functions, and any output files from any of the foregoing 
(including device programming or simulation files), and any 
associated documentation or information are expressly subject 
to the terms and conditions of the Altera Program License 
Subscription Agreement, the Altera Quartus Prime License Agreement,
the Altera IP License Agreement, or other applicable license
agreement, including, without limitation, that your use is for
the sole purpose of programming logic devices manufactured by
Altera and sold by Altera or its authorized distributors.  Please
refer to the Altera Software License Subscription Agreements 
on the Quartus Prime software download page.



+-----------------------------------------------------------------------------------+
; Flow Summary                                                                      ;
+---------------------------------+-------------------------------------------------+
; Flow Status                     ; Successful - Mon Sep 28 13:25:21 2026           ;
; Quartus Prime Version           ; 25.1std.0 Build 1129 10/21/2025 SC Lite Edition ;
; Revision Name                   ; top_alu                                         ;
; Top-level Entity Name           ; top_alu                                         ;
; Family                          ; Cyclone V                                       ;
; Device                          ; 5CSXFC6D6F31C6                                  ;
; Timing Models                   ; Final                                           ;
; Logic utilization (in ALMs)     ; 35 / 41,910 ( < 1 % )                           ;
; Total registers                 ; 0                                               ;
; Total pins                      ; 66 / 499 ( 13 % )                               ;
; Total virtual pins              ; 0                                               ;
; Total block memory bits         ; 0 / 5,662,720 ( 0 % )                           ;
; Total DSP Blocks                ; 1 / 112 ( < 1 % )                               ;
; Total HSSI RX PCSs              ; 0 / 9 ( 0 % )                                   ;
; Total HSSI PMA RX Deserializers ; 0 / 9 ( 0 % )                                   ;
; Total HSSI TX PCSs              ; 0 / 9 ( 0 % )                                   ;
; Total HSSI PMA TX Serializers   ; 0 / 9 ( 0 % )                                   ;
; Total PLLs                      ; 0 / 15 ( 0 % )                                  ;
; Total DLLs                      ; 0 / 4 ( 0 % )                                   ;
+---------------------------------+-------------------------------------------------+


+-----------------------------------------+
; Flow Settings                           ;
+-------------------+---------------------+
; Option            ; Setting             ;
+-------------------+---------------------+
; Start date & time ; 09/28/2026 13:24:05 ;
; Main task         ; Compilation         ;
; Revision Name     ; top_alu             ;
+-------------------+---------------------+


+-------------------------------------------------------------------------------------------------------------------------------------------------+
; Flow Non-Default Global Settings                                                                                                                ;
+--------------------------------------+----------------------------------------+---------------+-------------+-----------------------------------+
; Assignment Name                      ; Value                                  ; Default Value ; Entity Name ; Section Id                        ;
+--------------------------------------+----------------------------------------+---------------+-------------+-----------------------------------+
; COMPILER_SIGNATURE_ID                ; 207745179255171.179062344509972        ; --            ; --          ; --                                ;
; EDA_DESIGN_INSTANCE_NAME             ; NA                                     ; --            ; --          ; tb_mp_fadder                      ;
; EDA_DESIGN_INSTANCE_NAME             ; NA                                     ; --            ; --          ; tb_mux4to1                        ;
; EDA_DESIGN_INSTANCE_NAME             ; NA                                     ; --            ; --          ; tb_ALUlogic                       ;
; EDA_DESIGN_INSTANCE_NAME             ; NA                                     ; --            ; --          ; mtb_simple                        ;
; EDA_DESIGN_INSTANCE_NAME             ; NA                                     ; --            ; --          ; tb_topAlu                         ;
; EDA_DESIGN_INSTANCE_NAME             ; NA                                     ; --            ; --          ; tb_bin2bcd                        ;
; EDA_GENERATE_FUNCTIONAL_NETLIST      ; Off                                    ; --            ; --          ; eda_board_design_timing           ;
; EDA_GENERATE_FUNCTIONAL_NETLIST      ; Off                                    ; --            ; --          ; eda_board_design_boundary_scan    ;
; EDA_GENERATE_FUNCTIONAL_NETLIST      ; Off                                    ; --            ; --          ; eda_board_design_signal_integrity ;
; EDA_GENERATE_FUNCTIONAL_NETLIST      ; Off                                    ; --            ; --          ; eda_board_design_symbol           ;
; EDA_NATIVELINK_SIMULATION_TEST_BENCH ; tb_bin2bcd                             ; --            ; --          ; eda_simulation                    ;
; EDA_OUTPUT_DATA_FORMAT               ; Verilog Hdl                            ; --            ; --          ; eda_simulation                    ;
; EDA_SIMULATION_TOOL                  ; Questa Altera FPGA (Verilog)           ; <None>        ; --          ; --                                ;
; EDA_TEST_BENCH_ENABLE_STATUS         ; TEST_BENCH_MODE                        ; --            ; --          ; eda_simulation                    ;
; EDA_TEST_BENCH_FILE                  ; tb_mp_fadder.v                         ; --            ; --          ; tb_mp_fadder                      ;
; EDA_TEST_BENCH_FILE                  ; tb_mux4to1.v                           ; --            ; --          ; tb_mux4to1                        ;
; EDA_TEST_BENCH_FILE                  ; tb_ALUlogic.v                          ; --            ; --          ; tb_ALUlogic                       ;
; EDA_TEST_BENCH_FILE                  ; mtb_simple.v                           ; --            ; --          ; mtb_simple                        ;
; EDA_TEST_BENCH_FILE                  ; tb_topAlu.v                            ; --            ; --          ; tb_topAlu                         ;
; EDA_TEST_BENCH_FILE                  ; tb_bin2bcd.v                           ; --            ; --          ; tb_bin2bcd                        ;
; EDA_TEST_BENCH_MODULE_NAME           ; tb_mp_fadder                           ; --            ; --          ; tb_mp_fadder                      ;
; EDA_TEST_BENCH_MODULE_NAME           ; tb_mux4to1                             ; --            ; --          ; tb_mux4to1                        ;
; EDA_TEST_BENCH_MODULE_NAME           ; tb_ALUlogic                            ; --            ; --          ; tb_ALUlogic                       ;
; EDA_TEST_BENCH_MODULE_NAME           ; mtb_simple                             ; --            ; --          ; mtb_simple                        ;
; EDA_TEST_BENCH_MODULE_NAME           ; tb_topAlu                              ; --            ; --          ; tb_topAlu                         ;
; EDA_TEST_BENCH_MODULE_NAME           ; tb_bin2bcd                             ; --            ; --          ; tb_bin2bcd                        ;
; EDA_TEST_BENCH_NAME                  ; mtb_simple                             ; --            ; --          ; eda_simulation                    ;
; EDA_TEST_BENCH_NAME                  ; tb_mux4to1                             ; --            ; --          ; eda_simulation                    ;
; EDA_TEST_BENCH_NAME                  ; tb_mp_fadder                           ; --            ; --          ; eda_simulation                    ;
; EDA_TEST_BENCH_NAME                  ; tb_topAlu                              ; --            ; --          ; eda_simulation                    ;
; EDA_TEST_BENCH_NAME                  ; tb_ALUlogic                            ; --            ; --          ; eda_simulation                    ;
; EDA_TEST_BENCH_NAME                  ; tb_bin2bcd                             ; --            ; --          ; eda_simulation                    ;
; EDA_TIME_SCALE                       ; 1 ps                                   ; --            ; --          ; eda_simulation                    ;
; MAX_CORE_JUNCTION_TEMP               ; 85                                     ; --            ; --          ; --                                ;
; MIN_CORE_JUNCTION_TEMP               ; 0                                      ; --            ; --          ; --                                ;
; NUM_PARALLEL_PROCESSORS              ; All                                    ; --            ; --          ; --                                ;
; PARTITION_COLOR                      ; -- (Not supported for targeted family) ; --            ; --          ; Top                               ;
; PARTITION_FITTER_PRESERVATION_LEVEL  ; -- (Not supported for targeted family) ; --            ; --          ; Top                               ;
; PARTITION_NETLIST_TYPE               ; -- (Not supported for targeted family) ; --            ; --          ; Top                               ;
; POWER_BOARD_THERMAL_MODEL            ; None (CONSERVATIVE)                    ; --            ; --          ; --                                ;
; POWER_PRESET_COOLING_SOLUTION        ; 23 MM HEAT SINK WITH 200 LFPM AIRFLOW  ; --            ; --          ; --                                ;
; PROJECT_OUTPUT_DIRECTORY             ; output_files                           ; --            ; --          ; --                                ;
+--------------------------------------+----------------------------------------+---------------+-------------+-----------------------------------+


+--------------------------------------------------------------------------------------------------------------------------+
; Flow Elapsed Time                                                                                                        ;
+----------------------+--------------+-------------------------+---------------------+------------------------------------+
; Module Name          ; Elapsed Time ; Average Processors Used ; Peak Virtual Memory ; Total CPU Time (on all processors) ;
+----------------------+--------------+-------------------------+---------------------+------------------------------------+
; Analysis & Synthesis ; 00:00:12     ; 1.0                     ; 4841 MB             ; 00:00:29                           ;
; Fitter               ; 00:00:41     ; 1.0                     ; 6654 MB             ; 00:01:04                           ;
; Assembler            ; 00:00:10     ; 1.0                     ; 5241 MB             ; 00:00:07                           ;
; Timing Analyzer      ; 00:00:07     ; 1.1                     ; 5371 MB             ; 00:00:06                           ;
; EDA Netlist Writer   ; 00:00:01     ; 1.0                     ; 4759 MB             ; 00:00:01                           ;
; Total                ; 00:01:11     ; --                      ; --                  ; 00:01:47                           ;
+----------------------+--------------+-------------------------+---------------------+------------------------------------+


+------------------------------------------------------------------------------------+
; Flow OS Summary                                                                    ;
+----------------------+------------------+------------+------------+----------------+
; Module Name          ; Machine Hostname ; OS Name    ; OS Version ; Processor type ;
+----------------------+------------------+------------+------------+----------------+
; Analysis & Synthesis ; Firefly          ; Windows 10 ; 10.0       ; x86_64         ;
; Fitter               ; Firefly          ; Windows 10 ; 10.0       ; x86_64         ;
; Assembler            ; Firefly          ; Windows 10 ; 10.0       ; x86_64         ;
; Timing Analyzer      ; Firefly          ; Windows 10 ; 10.0       ; x86_64         ;
; EDA Netlist Writer   ; Firefly          ; Windows 10 ; 10.0       ; x86_64         ;
+----------------------+------------------+------------+------------+----------------+


------------
; Flow Log ;
------------
quartus_map --read_settings_files=on --write_settings_files=off alu_display -c top_alu
quartus_fit --read_settings_files=off --write_settings_files=off alu_display -c top_alu
quartus_asm --read_settings_files=off --write_settings_files=off alu_display -c top_alu
quartus_sta alu_display -c top_alu
quartus_eda --read_settings_files=off --write_settings_files=off alu_display -c top_alu



