Analysis & Synthesis report for top_alu
Mon Sep 28 13:24:17 2026
Quartus Prime Version 25.1std.0 Build 1129 10/21/2025 SC Lite Edition


---------------------
; Table of Contents ;
---------------------
  1. Legal Notice
  2. Analysis & Synthesis Summary
  3. Analysis & Synthesis Settings
  4. Parallel Compilation
  5. Analysis & Synthesis Source Files Read
  6. Analysis & Synthesis Resource Usage Summary
  7. Analysis & Synthesis Resource Utilization by Entity
  8. Analysis & Synthesis DSP Block Usage Summary
  9. General Register Statistics
 10. Multiplexer Restructuring Statistics (Restructuring Performed)
 11. Parameter Settings for User Entity Instance: Top-level Entity: |top_alu
 12. Parameter Settings for User Entity Instance: mALUlogic:mALU_i0
 13. Parameter Settings for User Entity Instance: mALUlogic:mALU_i0|mp_fadder:signedSumSub
 14. Parameter Settings for User Entity Instance: mALUlogic:mALU_i0|mp_fadder:signedSumSub|m_fadder:adder_loop[0].fa_i
 15. Parameter Settings for User Entity Instance: mALUlogic:mALU_i0|mp_fadder:signedSumSub|m_fadder:adder_loop[1].fa_i
 16. Parameter Settings for User Entity Instance: mALUlogic:mALU_i0|mp_fadder:signedSumSub|m_fadder:adder_loop[2].fa_i
 17. Parameter Settings for User Entity Instance: mALUlogic:mALU_i0|mp_fadder:signedSumSub|m_fadder:adder_loop[3].fa_i
 18. Parameter Settings for User Entity Instance: mALUlogic:mALU_i0|mp_fadder:signedSumSub|m_fadder:adder_loop[4].fa_i
 19. Parameter Settings for User Entity Instance: mALUlogic:mALU_i0|mux16to1:mainMux
 20. Parameter Settings for User Entity Instance: mALUlogic:mALU_i0|mux16to1:mainMux|mux2to1:mux_i00
 21. Parameter Settings for User Entity Instance: mALUlogic:mALU_i0|mux16to1:mainMux|mux2to1:mux_i01
 22. Parameter Settings for User Entity Instance: mALUlogic:mALU_i0|mux16to1:mainMux|mux2to1:mux_i02
 23. Parameter Settings for User Entity Instance: mALUlogic:mALU_i0|mux16to1:mainMux|mux2to1:mux_i03
 24. Parameter Settings for User Entity Instance: mALUlogic:mALU_i0|mux16to1:mainMux|mux2to1:mux_i04
 25. Parameter Settings for User Entity Instance: mALUlogic:mALU_i0|mux16to1:mainMux|mux2to1:mux_i05
 26. Parameter Settings for User Entity Instance: mALUlogic:mALU_i0|mux16to1:mainMux|mux2to1:mux_i06
 27. Parameter Settings for User Entity Instance: mALUlogic:mALU_i0|mux16to1:mainMux|mux2to1:mux_i07
 28. Parameter Settings for User Entity Instance: mALUlogic:mALU_i0|mux16to1:mainMux|mux2to1:mux_i08
 29. Parameter Settings for User Entity Instance: mALUlogic:mALU_i0|mux16to1:mainMux|mux2to1:mux_i09
 30. Parameter Settings for User Entity Instance: mALUlogic:mALU_i0|mux16to1:mainMux|mux2to1:mux_i0A
 31. Parameter Settings for User Entity Instance: mALUlogic:mALU_i0|mux16to1:mainMux|mux2to1:mux_i0B
 32. Parameter Settings for User Entity Instance: mALUlogic:mALU_i0|mux16to1:mainMux|mux2to1:mux_i0C
 33. Parameter Settings for User Entity Instance: mALUlogic:mALU_i0|mux16to1:mainMux|mux2to1:mux_i0D
 34. Parameter Settings for User Entity Instance: mALUlogic:mALU_i0|mux16to1:mainMux|mux2to1:mux_i0E
 35. Parameter Settings for User Entity Instance: bin2bcd:mAritmetic
 36. Port Connectivity Checks: "m7SegDisp:m7segDT"
 37. Port Connectivity Checks: "m7SegDisp:m7segT"
 38. Port Connectivity Checks: "m7SegDisp:m7segH"
 39. Port Connectivity Checks: "bin2bcd:mAritmetic"
 40. Port Connectivity Checks: "mALUlogic:mALU_i0|mux16to1:mainMux|mux2to1:mux_i0E"
 41. Port Connectivity Checks: "mALUlogic:mALU_i0|mux16to1:mainMux|mux2to1:mux_i0D"
 42. Port Connectivity Checks: "mALUlogic:mALU_i0|mux16to1:mainMux|mux2to1:mux_i0C"
 43. Port Connectivity Checks: "mALUlogic:mALU_i0|mux16to1:mainMux|mux2to1:mux_i0B"
 44. Port Connectivity Checks: "mALUlogic:mALU_i0|mux16to1:mainMux|mux2to1:mux_i0A"
 45. Port Connectivity Checks: "mALUlogic:mALU_i0|mux16to1:mainMux|mux2to1:mux_i09"
 46. Port Connectivity Checks: "mALUlogic:mALU_i0|mux16to1:mainMux|mux2to1:mux_i08"
 47. Port Connectivity Checks: "mALUlogic:mALU_i0|mux16to1:mainMux|mux2to1:mux_i07"
 48. Port Connectivity Checks: "mALUlogic:mALU_i0|mux16to1:mainMux|mux2to1:mux_i06"
 49. Port Connectivity Checks: "mALUlogic:mALU_i0|mux16to1:mainMux|mux2to1:mux_i05"
 50. Port Connectivity Checks: "mALUlogic:mALU_i0|mux16to1:mainMux|mux2to1:mux_i04"
 51. Port Connectivity Checks: "mALUlogic:mALU_i0|mux16to1:mainMux|mux2to1:mux_i03"
 52. Port Connectivity Checks: "mALUlogic:mALU_i0|mux16to1:mainMux|mux2to1:mux_i02"
 53. Port Connectivity Checks: "mALUlogic:mALU_i0|mux16to1:mainMux|mux2to1:mux_i01"
 54. Port Connectivity Checks: "mALUlogic:mALU_i0|mux16to1:mainMux|mux2to1:mux_i00"
 55. Port Connectivity Checks: "mALUlogic:mALU_i0|mux16to1:mainMux"
 56. Post-Synthesis Netlist Statistics for Top Partition
 57. Elapsed Time Per Partition
 58. Analysis & Synthesis Messages



----------------
; Legal Notice ;
----------------
Copyright (C) 2025  Altera Corporation. All rights reserved.
Your use of Altera Corporation's design tools, logic functions 
and other software and tools, and any partner logic 
functions, and any output files from any of the foregoing 
(including device programming or simulation files), and any 
associated documentation or information are expressly subject 
to the terms and conditions of the Altera Program License 
Subscription Agreement, the Altera Quartus Prime License Agreement,
the Altera IP License Agreement, or other applicable license
agreement, including, without limitation, that your use is for
the sole purpose of programming logic devices manufactured by
Altera and sold by Altera or its authorized distributors.  Please
refer to the Altera Software License Subscription Agreements 
on the Quartus Prime software download page.



+-----------------------------------------------------------------------------------+
; Analysis & Synthesis Summary                                                      ;
+---------------------------------+-------------------------------------------------+
; Analysis & Synthesis Status     ; Successful - Mon Sep 28 13:24:17 2026           ;
; Quartus Prime Version           ; 25.1std.0 Build 1129 10/21/2025 SC Lite Edition ;
; Revision Name                   ; top_alu                                         ;
; Top-level Entity Name           ; top_alu                                         ;
; Family                          ; Cyclone V                                       ;
; Logic utilization (in ALMs)     ; N/A                                             ;
; Total registers                 ; 0                                               ;
; Total pins                      ; 66                                              ;
; Total virtual pins              ; 0                                               ;
; Total block memory bits         ; 0                                               ;
; Total DSP Blocks                ; 1                                               ;
; Total HSSI RX PCSs              ; 0                                               ;
; Total HSSI PMA RX Deserializers ; 0                                               ;
; Total HSSI TX PCSs              ; 0                                               ;
; Total HSSI PMA TX Serializers   ; 0                                               ;
; Total PLLs                      ; 0                                               ;
; Total DLLs                      ; 0                                               ;
+---------------------------------+-------------------------------------------------+


+---------------------------------------------------------------------------------------------------------------------------+
; Analysis & Synthesis Settings                                                                                             ;
+---------------------------------------------------------------------------------+--------------------+--------------------+
; Option                                                                          ; Setting            ; Default Value      ;
+---------------------------------------------------------------------------------+--------------------+--------------------+
; Device                                                                          ; 5CSXFC6D6F31C6     ;                    ;
; Top-level entity name                                                           ; top_alu            ; top_alu            ;
; Family name                                                                     ; Cyclone V          ; Cyclone V          ;
; Maximum processors allowed for parallel compilation                             ; All                ;                    ;
; Use smart compilation                                                           ; Off                ; Off                ;
; Enable parallel Assembler and Timing Analyzer during compilation                ; On                 ; On                 ;
; Enable compact report table                                                     ; Off                ; Off                ;
; Restructure Multiplexers                                                        ; Auto               ; Auto               ;
; MLAB Add Timing Constraints For Mixed-Port Feed-Through Mode Setting Don't Care ; Off                ; Off                ;
; Create Debugging Nodes for IP Cores                                             ; Off                ; Off                ;
; Preserve fewer node names                                                       ; On                 ; On                 ;
; Intel FPGA IP Evaluation Mode                                                   ; Enable             ; Enable             ;
; Verilog Version                                                                 ; Verilog_2001       ; Verilog_2001       ;
; VHDL Version                                                                    ; VHDL_1993          ; VHDL_1993          ;
; State Machine Processing                                                        ; Auto               ; Auto               ;
; Safe State Machine                                                              ; Off                ; Off                ;
; Extract Verilog State Machines                                                  ; On                 ; On                 ;
; Extract VHDL State Machines                                                     ; On                 ; On                 ;
; Ignore Verilog initial constructs                                               ; Off                ; Off                ;
; Iteration limit for constant Verilog loops                                      ; 5000               ; 5000               ;
; Iteration limit for non-constant Verilog loops                                  ; 250                ; 250                ;
; Add Pass-Through Logic to Inferred RAMs                                         ; On                 ; On                 ;
; Infer RAMs from Raw Logic                                                       ; On                 ; On                 ;
; Parallel Synthesis                                                              ; On                 ; On                 ;
; DSP Block Balancing                                                             ; Auto               ; Auto               ;
; NOT Gate Push-Back                                                              ; On                 ; On                 ;
; Power-Up Don't Care                                                             ; On                 ; On                 ;
; Remove Redundant Logic Cells                                                    ; Off                ; Off                ;
; Remove Duplicate Registers                                                      ; On                 ; On                 ;
; Ignore CARRY Buffers                                                            ; Off                ; Off                ;
; Ignore CASCADE Buffers                                                          ; Off                ; Off                ;
; Ignore GLOBAL Buffers                                                           ; Off                ; Off                ;
; Ignore ROW GLOBAL Buffers                                                       ; Off                ; Off                ;
; Ignore LCELL Buffers                                                            ; Off                ; Off                ;
; Ignore SOFT Buffers                                                             ; On                 ; On                 ;
; Limit AHDL Integers to 32 Bits                                                  ; Off                ; Off                ;
; Optimization Technique                                                          ; Balanced           ; Balanced           ;
; Carry Chain Length                                                              ; 70                 ; 70                 ;
; Auto Carry Chains                                                               ; On                 ; On                 ;
; Auto Open-Drain Pins                                                            ; On                 ; On                 ;
; Perform WYSIWYG Primitive Resynthesis                                           ; Off                ; Off                ;
; Auto ROM Replacement                                                            ; On                 ; On                 ;
; Auto RAM Replacement                                                            ; On                 ; On                 ;
; Auto DSP Block Replacement                                                      ; On                 ; On                 ;
; Auto Shift Register Replacement                                                 ; Auto               ; Auto               ;
; Allow Shift Register Merging across Hierarchies                                 ; Auto               ; Auto               ;
; Auto Clock Enable Replacement                                                   ; On                 ; On                 ;
; Strict RAM Replacement                                                          ; Off                ; Off                ;
; Allow Synchronous Control Signals                                               ; On                 ; On                 ;
; Force Use of Synchronous Clear Signals                                          ; Off                ; Off                ;
; Auto Resource Sharing                                                           ; Off                ; Off                ;
; Allow Any RAM Size For Recognition                                              ; Off                ; Off                ;
; Allow Any ROM Size For Recognition                                              ; Off                ; Off                ;
; Allow Any Shift Register Size For Recognition                                   ; Off                ; Off                ;
; Use LogicLock Constraints during Resource Balancing                             ; On                 ; On                 ;
; Ignore translate_off and synthesis_off directives                               ; Off                ; Off                ;
; Timing-Driven Synthesis                                                         ; On                 ; On                 ;
; Report Parameter Settings                                                       ; On                 ; On                 ;
; Report Source Assignments                                                       ; On                 ; On                 ;
; Report Connectivity Checks                                                      ; On                 ; On                 ;
; Ignore Maximum Fan-Out Assignments                                              ; Off                ; Off                ;
; Synchronization Register Chain Length                                           ; 3                  ; 3                  ;
; Power Optimization During Synthesis                                             ; Normal compilation ; Normal compilation ;
; HDL message level                                                               ; Level2             ; Level2             ;
; Suppress Register Optimization Related Messages                                 ; Off                ; Off                ;
; Number of Removed Registers Reported in Synthesis Report                        ; 5000               ; 5000               ;
; Number of Swept Nodes Reported in Synthesis Report                              ; 5000               ; 5000               ;
; Number of Inverted Registers Reported in Synthesis Report                       ; 100                ; 100                ;
; Clock MUX Protection                                                            ; On                 ; On                 ;
; Auto Gated Clock Conversion                                                     ; Off                ; Off                ;
; Block Design Naming                                                             ; Auto               ; Auto               ;
; SDC constraint protection                                                       ; Off                ; Off                ;
; Synthesis Effort                                                                ; Auto               ; Auto               ;
; Shift Register Replacement - Allow Asynchronous Clear Signal                    ; On                 ; On                 ;
; Pre-Mapping Resynthesis Optimization                                            ; Off                ; Off                ;
; Analysis & Synthesis Message Level                                              ; Medium             ; Medium             ;
; Disable Register Merging Across Hierarchies                                     ; Auto               ; Auto               ;
; Resource Aware Inference For Block RAM                                          ; On                 ; On                 ;
; Automatic Parallel Synthesis                                                    ; On                 ; On                 ;
; Partial Reconfiguration Bitstream ID                                            ; Off                ; Off                ;
+---------------------------------------------------------------------------------+--------------------+--------------------+


+------------------------------------------+
; Parallel Compilation                     ;
+----------------------------+-------------+
; Processors                 ; Number      ;
+----------------------------+-------------+
; Number detected on machine ; 8           ;
; Maximum allowed            ; 4           ;
;                            ;             ;
; Average used               ; 1.00        ;
; Maximum used               ; 1           ;
;                            ;             ;
; Usage by Processor         ; % Time Used ;
;     Processor 1            ; 100.0%      ;
+----------------------------+-------------+


+---------------------------------------------------------------------------------------------------------------------------------+
; Analysis & Synthesis Source Files Read                                                                                          ;
+----------------------------------+-----------------+------------------------+-----------------------------------------+---------+
; File Name with User-Entered Path ; Used in Netlist ; File Type              ; File Name with Absolute Path            ; Library ;
+----------------------------------+-----------------+------------------------+-----------------------------------------+---------+
; m_fadder.v                       ; yes             ; User Verilog HDL File  ; C:/altera_ws/05_AluDisplay/m_fadder.v   ;         ;
; m_7SegDisp.v                     ; yes             ; User Verilog HDL File  ; C:/altera_ws/05_AluDisplay/m_7SegDisp.v ;         ;
; top_alu.v                        ; yes             ; User Verilog HDL File  ; C:/altera_ws/05_AluDisplay/top_alu.v    ;         ;
; mux2to1.v                        ; yes             ; User Verilog HDL File  ; C:/altera_ws/05_AluDisplay/mux2to1.v    ;         ;
; mp_fadder.v                      ; yes             ; User Verilog HDL File  ; C:/altera_ws/05_AluDisplay/mp_fadder.v  ;         ;
; mALUlogic.v                      ; yes             ; User Verilog HDL File  ; C:/altera_ws/05_AluDisplay/mALUlogic.v  ;         ;
; m_mux16to1.v                     ; yes             ; User Verilog HDL File  ; C:/altera_ws/05_AluDisplay/m_mux16to1.v ;         ;
; bin2bcd.v                        ; yes             ; User Verilog HDL File  ; C:/altera_ws/05_AluDisplay/bin2bcd.v    ;         ;
+----------------------------------+-----------------+------------------------+-----------------------------------------+---------+


+------------------------------------------------------------+
; Analysis & Synthesis Resource Usage Summary                ;
+---------------------------------------------+--------------+
; Resource                                    ; Usage        ;
+---------------------------------------------+--------------+
; Estimate of Logic utilization (ALMs needed) ; 36           ;
;                                             ;              ;
; Combinational ALUT usage for logic          ; 54           ;
;     -- 7 input functions                    ; 3            ;
;     -- 6 input functions                    ; 14           ;
;     -- 5 input functions                    ; 12           ;
;     -- 4 input functions                    ; 15           ;
;     -- <=3 input functions                  ; 10           ;
;                                             ;              ;
; Dedicated logic registers                   ; 0            ;
;                                             ;              ;
; I/O pins                                    ; 66           ;
;                                             ;              ;
; Total DSP Blocks                            ; 1            ;
;                                             ;              ;
; Maximum fan-out node                        ; KEY[0]~input ;
; Maximum fan-out                             ; 24           ;
; Total fan-out                               ; 356          ;
; Average fan-out                             ; 1.90         ;
+---------------------------------------------+--------------+


+--------------------------------------------------------------------------------------------------------------------------------------------------------------------------------------------------------------------------------------------------------------+
; Analysis & Synthesis Resource Utilization by Entity                                                                                                                                                                                                          ;
+----------------------------------------+---------------------+---------------------------+-------------------+------------+------+--------------+-------------------------------------------------------------------------------+-------------+--------------+
; Compilation Hierarchy Node             ; Combinational ALUTs ; Dedicated Logic Registers ; Block Memory Bits ; DSP Blocks ; Pins ; Virtual Pins ; Full Hierarchy Name                                                           ; Entity Name ; Library Name ;
+----------------------------------------+---------------------+---------------------------+-------------------+------------+------+--------------+-------------------------------------------------------------------------------+-------------+--------------+
; |top_alu                               ; 54 (7)              ; 0 (0)                     ; 0                 ; 1          ; 66   ; 0            ; |top_alu                                                                      ; top_alu     ; work         ;
;    |m7SegDisp:m7segU|                  ; 7 (7)               ; 0 (0)                     ; 0                 ; 0          ; 0    ; 0            ; |top_alu|m7SegDisp:m7segU                                                     ; m7SegDisp   ; work         ;
;    |mALUlogic:mALU_i0|                 ; 40 (6)              ; 0 (0)                     ; 0                 ; 1          ; 0    ; 0            ; |top_alu|mALUlogic:mALU_i0                                                    ; mALUlogic   ; work         ;
;       |mp_fadder:signedSumSub|         ; 11 (3)              ; 0 (0)                     ; 0                 ; 0          ; 0    ; 0            ; |top_alu|mALUlogic:mALU_i0|mp_fadder:signedSumSub                             ; mp_fadder   ; work         ;
;          |m_fadder:adder_loop[1].fa_i| ; 2 (2)               ; 0 (0)                     ; 0                 ; 0          ; 0    ; 0            ; |top_alu|mALUlogic:mALU_i0|mp_fadder:signedSumSub|m_fadder:adder_loop[1].fa_i ; m_fadder    ; work         ;
;          |m_fadder:adder_loop[2].fa_i| ; 1 (1)               ; 0 (0)                     ; 0                 ; 0          ; 0    ; 0            ; |top_alu|mALUlogic:mALU_i0|mp_fadder:signedSumSub|m_fadder:adder_loop[2].fa_i ; m_fadder    ; work         ;
;          |m_fadder:adder_loop[3].fa_i| ; 2 (2)               ; 0 (0)                     ; 0                 ; 0          ; 0    ; 0            ; |top_alu|mALUlogic:mALU_i0|mp_fadder:signedSumSub|m_fadder:adder_loop[3].fa_i ; m_fadder    ; work         ;
;          |m_fadder:adder_loop[4].fa_i| ; 3 (3)               ; 0 (0)                     ; 0                 ; 0          ; 0    ; 0            ; |top_alu|mALUlogic:mALU_i0|mp_fadder:signedSumSub|m_fadder:adder_loop[4].fa_i ; m_fadder    ; work         ;
;       |mux16to1:mainMux|               ; 23 (0)              ; 0 (0)                     ; 0                 ; 0          ; 0    ; 0            ; |top_alu|mALUlogic:mALU_i0|mux16to1:mainMux                                   ; mux16to1    ; work         ;
;          |mux2to1:mux_i04|             ; 2 (2)               ; 0 (0)                     ; 0                 ; 0          ; 0    ; 0            ; |top_alu|mALUlogic:mALU_i0|mux16to1:mainMux|mux2to1:mux_i04                   ; mux2to1     ; work         ;
;          |mux2to1:mux_i09|             ; 2 (2)               ; 0 (0)                     ; 0                 ; 0          ; 0    ; 0            ; |top_alu|mALUlogic:mALU_i0|mux16to1:mainMux|mux2to1:mux_i09                   ; mux2to1     ; work         ;
;          |mux2to1:mux_i0E|             ; 19 (19)             ; 0 (0)                     ; 0                 ; 0          ; 0    ; 0            ; |top_alu|mALUlogic:mALU_i0|mux16to1:mainMux|mux2to1:mux_i0E                   ; mux2to1     ; work         ;
+----------------------------------------+---------------------+---------------------------+-------------------+------------+------+--------------+-------------------------------------------------------------------------------+-------------+--------------+
Note: For table entries with two numbers listed, the numbers in parentheses indicate the number of resources of the given type used by the specific entity alone. The numbers listed outside of parentheses indicate the total resources of the given type used by the specific entity and all of its sub-entities in the hierarchy.


+-----------------------------------------------+
; Analysis & Synthesis DSP Block Usage Summary  ;
+---------------------------------+-------------+
; Statistic                       ; Number Used ;
+---------------------------------+-------------+
; Independent 9x9                 ; 1           ;
; Total number of DSP blocks      ; 1           ;
;                                 ;             ;
; Fixed Point Unsigned Multiplier ; 1           ;
+---------------------------------+-------------+


+------------------------------------------------------+
; General Register Statistics                          ;
+----------------------------------------------+-------+
; Statistic                                    ; Value ;
+----------------------------------------------+-------+
; Total registers                              ; 0     ;
; Number of registers using Synchronous Clear  ; 0     ;
; Number of registers using Synchronous Load   ; 0     ;
; Number of registers using Asynchronous Clear ; 0     ;
; Number of registers using Asynchronous Load  ; 0     ;
; Number of registers using Clock Enable       ; 0     ;
; Number of registers using Preset             ; 0     ;
+----------------------------------------------+-------+


+------------------------------------------------------------------------------------------------------------------------------------------+
; Multiplexer Restructuring Statistics (Restructuring Performed)                                                                           ;
+--------------------+-----------+---------------+----------------------+------------------------+------------+----------------------------+
; Multiplexer Inputs ; Bus Width ; Baseline Area ; Area if Restructured ; Saving if Restructured ; Registered ; Example Multiplexer Output ;
+--------------------+-----------+---------------+----------------------+------------------------+------------+----------------------------+
; 3:1                ; 3 bits    ; 6 LEs         ; 6 LEs                ; 0 LEs                  ; No         ; |top_alu|comb              ;
+--------------------+-----------+---------------+----------------------+------------------------+------------+----------------------------+


+-------------------------------------------------------------------------+
; Parameter Settings for User Entity Instance: Top-level Entity: |top_alu ;
+----------------+-------+------------------------------------------------+
; Parameter Name ; Value ; Type                                           ;
+----------------+-------+------------------------------------------------+
; NUM_BITS       ; 5     ; Signed Integer                                 ;
; TRUNC          ; 4     ; Signed Integer                                 ;
; NUM_DISP       ; 4     ; Signed Integer                                 ;
+----------------+-------+------------------------------------------------+
Note: In order to hide this table in the UI and the text report file, please set the "Show Parameter Settings in Synthesis Report" option in "Analysis and Synthesis Settings -> More Settings" to "Off".


+----------------------------------------------------------------+
; Parameter Settings for User Entity Instance: mALUlogic:mALU_i0 ;
+----------------+-------+---------------------------------------+
; Parameter Name ; Value ; Type                                  ;
+----------------+-------+---------------------------------------+
; TRUNC          ; 4     ; Signed Integer                        ;
; NUM_BITS       ; 5     ; Signed Integer                        ;
; NUM_DISP       ; 4     ; Signed Integer                        ;
+----------------+-------+---------------------------------------+
Note: In order to hide this table in the UI and the text report file, please set the "Show Parameter Settings in Synthesis Report" option in "Analysis and Synthesis Settings -> More Settings" to "Off".


+---------------------------------------------------------------------------------------+
; Parameter Settings for User Entity Instance: mALUlogic:mALU_i0|mp_fadder:signedSumSub ;
+----------------+-------+--------------------------------------------------------------+
; Parameter Name ; Value ; Type                                                         ;
+----------------+-------+--------------------------------------------------------------+
; NUM_BITS       ; 5     ; Signed Integer                                               ;
+----------------+-------+--------------------------------------------------------------+
Note: In order to hide this table in the UI and the text report file, please set the "Show Parameter Settings in Synthesis Report" option in "Analysis and Synthesis Settings -> More Settings" to "Off".


+-------------------------------------------------------------------------------------------------------------------+
; Parameter Settings for User Entity Instance: mALUlogic:mALU_i0|mp_fadder:signedSumSub|m_fadder:adder_loop[0].fa_i ;
+----------------+-------+------------------------------------------------------------------------------------------+
; Parameter Name ; Value ; Type                                                                                     ;
+----------------+-------+------------------------------------------------------------------------------------------+
; N              ; 4     ; Signed Integer                                                                           ;
+----------------+-------+------------------------------------------------------------------------------------------+
Note: In order to hide this table in the UI and the text report file, please set the "Show Parameter Settings in Synthesis Report" option in "Analysis and Synthesis Settings -> More Settings" to "Off".


+-------------------------------------------------------------------------------------------------------------------+
; Parameter Settings for User Entity Instance: mALUlogic:mALU_i0|mp_fadder:signedSumSub|m_fadder:adder_loop[1].fa_i ;
+----------------+-------+------------------------------------------------------------------------------------------+
; Parameter Name ; Value ; Type                                                                                     ;
+----------------+-------+------------------------------------------------------------------------------------------+
; N              ; 4     ; Signed Integer                                                                           ;
+----------------+-------+------------------------------------------------------------------------------------------+
Note: In order to hide this table in the UI and the text report file, please set the "Show Parameter Settings in Synthesis Report" option in "Analysis and Synthesis Settings -> More Settings" to "Off".


+-------------------------------------------------------------------------------------------------------------------+
; Parameter Settings for User Entity Instance: mALUlogic:mALU_i0|mp_fadder:signedSumSub|m_fadder:adder_loop[2].fa_i ;
+----------------+-------+------------------------------------------------------------------------------------------+
; Parameter Name ; Value ; Type                                                                                     ;
+----------------+-------+------------------------------------------------------------------------------------------+
; N              ; 4     ; Signed Integer                                                                           ;
+----------------+-------+------------------------------------------------------------------------------------------+
Note: In order to hide this table in the UI and the text report file, please set the "Show Parameter Settings in Synthesis Report" option in "Analysis and Synthesis Settings -> More Settings" to "Off".


+-------------------------------------------------------------------------------------------------------------------+
; Parameter Settings for User Entity Instance: mALUlogic:mALU_i0|mp_fadder:signedSumSub|m_fadder:adder_loop[3].fa_i ;
+----------------+-------+------------------------------------------------------------------------------------------+
; Parameter Name ; Value ; Type                                                                                     ;
+----------------+-------+------------------------------------------------------------------------------------------+
; N              ; 4     ; Signed Integer                                                                           ;
+----------------+-------+------------------------------------------------------------------------------------------+
Note: In order to hide this table in the UI and the text report file, please set the "Show Parameter Settings in Synthesis Report" option in "Analysis and Synthesis Settings -> More Settings" to "Off".


+-------------------------------------------------------------------------------------------------------------------+
; Parameter Settings for User Entity Instance: mALUlogic:mALU_i0|mp_fadder:signedSumSub|m_fadder:adder_loop[4].fa_i ;
+----------------+-------+------------------------------------------------------------------------------------------+
; Parameter Name ; Value ; Type                                                                                     ;
+----------------+-------+------------------------------------------------------------------------------------------+
; N              ; 4     ; Signed Integer                                                                           ;
+----------------+-------+------------------------------------------------------------------------------------------+
Note: In order to hide this table in the UI and the text report file, please set the "Show Parameter Settings in Synthesis Report" option in "Analysis and Synthesis Settings -> More Settings" to "Off".


+---------------------------------------------------------------------------------+
; Parameter Settings for User Entity Instance: mALUlogic:mALU_i0|mux16to1:mainMux ;
+----------------+-------+--------------------------------------------------------+
; Parameter Name ; Value ; Type                                                   ;
+----------------+-------+--------------------------------------------------------+
; NUM_BITS       ; 5     ; Signed Integer                                         ;
+----------------+-------+--------------------------------------------------------+
Note: In order to hide this table in the UI and the text report file, please set the "Show Parameter Settings in Synthesis Report" option in "Analysis and Synthesis Settings -> More Settings" to "Off".


+-------------------------------------------------------------------------------------------------+
; Parameter Settings for User Entity Instance: mALUlogic:mALU_i0|mux16to1:mainMux|mux2to1:mux_i00 ;
+----------------+-------+------------------------------------------------------------------------+
; Parameter Name ; Value ; Type                                                                   ;
+----------------+-------+------------------------------------------------------------------------+
; NUM_BITS       ; 4     ; Signed Integer                                                         ;
+----------------+-------+------------------------------------------------------------------------+
Note: In order to hide this table in the UI and the text report file, please set the "Show Parameter Settings in Synthesis Report" option in "Analysis and Synthesis Settings -> More Settings" to "Off".


+-------------------------------------------------------------------------------------------------+
; Parameter Settings for User Entity Instance: mALUlogic:mALU_i0|mux16to1:mainMux|mux2to1:mux_i01 ;
+----------------+-------+------------------------------------------------------------------------+
; Parameter Name ; Value ; Type                                                                   ;
+----------------+-------+------------------------------------------------------------------------+
; NUM_BITS       ; 4     ; Signed Integer                                                         ;
+----------------+-------+------------------------------------------------------------------------+
Note: In order to hide this table in the UI and the text report file, please set the "Show Parameter Settings in Synthesis Report" option in "Analysis and Synthesis Settings -> More Settings" to "Off".


+-------------------------------------------------------------------------------------------------+
; Parameter Settings for User Entity Instance: mALUlogic:mALU_i0|mux16to1:mainMux|mux2to1:mux_i02 ;
+----------------+-------+------------------------------------------------------------------------+
; Parameter Name ; Value ; Type                                                                   ;
+----------------+-------+------------------------------------------------------------------------+
; NUM_BITS       ; 4     ; Signed Integer                                                         ;
+----------------+-------+------------------------------------------------------------------------+
Note: In order to hide this table in the UI and the text report file, please set the "Show Parameter Settings in Synthesis Report" option in "Analysis and Synthesis Settings -> More Settings" to "Off".


+-------------------------------------------------------------------------------------------------+
; Parameter Settings for User Entity Instance: mALUlogic:mALU_i0|mux16to1:mainMux|mux2to1:mux_i03 ;
+----------------+-------+------------------------------------------------------------------------+
; Parameter Name ; Value ; Type                                                                   ;
+----------------+-------+------------------------------------------------------------------------+
; NUM_BITS       ; 4     ; Signed Integer                                                         ;
+----------------+-------+------------------------------------------------------------------------+
Note: In order to hide this table in the UI and the text report file, please set the "Show Parameter Settings in Synthesis Report" option in "Analysis and Synthesis Settings -> More Settings" to "Off".


+-------------------------------------------------------------------------------------------------+
; Parameter Settings for User Entity Instance: mALUlogic:mALU_i0|mux16to1:mainMux|mux2to1:mux_i04 ;
+----------------+-------+------------------------------------------------------------------------+
; Parameter Name ; Value ; Type                                                                   ;
+----------------+-------+------------------------------------------------------------------------+
; NUM_BITS       ; 4     ; Signed Integer                                                         ;
+----------------+-------+------------------------------------------------------------------------+
Note: In order to hide this table in the UI and the text report file, please set the "Show Parameter Settings in Synthesis Report" option in "Analysis and Synthesis Settings -> More Settings" to "Off".


+-------------------------------------------------------------------------------------------------+
; Parameter Settings for User Entity Instance: mALUlogic:mALU_i0|mux16to1:mainMux|mux2to1:mux_i05 ;
+----------------+-------+------------------------------------------------------------------------+
; Parameter Name ; Value ; Type                                                                   ;
+----------------+-------+------------------------------------------------------------------------+
; NUM_BITS       ; 4     ; Signed Integer                                                         ;
+----------------+-------+------------------------------------------------------------------------+
Note: In order to hide this table in the UI and the text report file, please set the "Show Parameter Settings in Synthesis Report" option in "Analysis and Synthesis Settings -> More Settings" to "Off".


+-------------------------------------------------------------------------------------------------+
; Parameter Settings for User Entity Instance: mALUlogic:mALU_i0|mux16to1:mainMux|mux2to1:mux_i06 ;
+----------------+-------+------------------------------------------------------------------------+
; Parameter Name ; Value ; Type                                                                   ;
+----------------+-------+------------------------------------------------------------------------+
; NUM_BITS       ; 4     ; Signed Integer                                                         ;
+----------------+-------+------------------------------------------------------------------------+
Note: In order to hide this table in the UI and the text report file, please set the "Show Parameter Settings in Synthesis Report" option in "Analysis and Synthesis Settings -> More Settings" to "Off".


+-------------------------------------------------------------------------------------------------+
; Parameter Settings for User Entity Instance: mALUlogic:mALU_i0|mux16to1:mainMux|mux2to1:mux_i07 ;
+----------------+-------+------------------------------------------------------------------------+
; Parameter Name ; Value ; Type                                                                   ;
+----------------+-------+------------------------------------------------------------------------+
; NUM_BITS       ; 4     ; Signed Integer                                                         ;
+----------------+-------+------------------------------------------------------------------------+
Note: In order to hide this table in the UI and the text report file, please set the "Show Parameter Settings in Synthesis Report" option in "Analysis and Synthesis Settings -> More Settings" to "Off".


+-------------------------------------------------------------------------------------------------+
; Parameter Settings for User Entity Instance: mALUlogic:mALU_i0|mux16to1:mainMux|mux2to1:mux_i08 ;
+----------------+-------+------------------------------------------------------------------------+
; Parameter Name ; Value ; Type                                                                   ;
+----------------+-------+------------------------------------------------------------------------+
; NUM_BITS       ; 4     ; Signed Integer                                                         ;
+----------------+-------+------------------------------------------------------------------------+
Note: In order to hide this table in the UI and the text report file, please set the "Show Parameter Settings in Synthesis Report" option in "Analysis and Synthesis Settings -> More Settings" to "Off".


+-------------------------------------------------------------------------------------------------+
; Parameter Settings for User Entity Instance: mALUlogic:mALU_i0|mux16to1:mainMux|mux2to1:mux_i09 ;
+----------------+-------+------------------------------------------------------------------------+
; Parameter Name ; Value ; Type                                                                   ;
+----------------+-------+------------------------------------------------------------------------+
; NUM_BITS       ; 4     ; Signed Integer                                                         ;
+----------------+-------+------------------------------------------------------------------------+
Note: In order to hide this table in the UI and the text report file, please set the "Show Parameter Settings in Synthesis Report" option in "Analysis and Synthesis Settings -> More Settings" to "Off".


+-------------------------------------------------------------------------------------------------+
; Parameter Settings for User Entity Instance: mALUlogic:mALU_i0|mux16to1:mainMux|mux2to1:mux_i0A ;
+----------------+-------+------------------------------------------------------------------------+
; Parameter Name ; Value ; Type                                                                   ;
+----------------+-------+------------------------------------------------------------------------+
; NUM_BITS       ; 4     ; Signed Integer                                                         ;
+----------------+-------+------------------------------------------------------------------------+
Note: In order to hide this table in the UI and the text report file, please set the "Show Parameter Settings in Synthesis Report" option in "Analysis and Synthesis Settings -> More Settings" to "Off".


+-------------------------------------------------------------------------------------------------+
; Parameter Settings for User Entity Instance: mALUlogic:mALU_i0|mux16to1:mainMux|mux2to1:mux_i0B ;
+----------------+-------+------------------------------------------------------------------------+
; Parameter Name ; Value ; Type                                                                   ;
+----------------+-------+------------------------------------------------------------------------+
; NUM_BITS       ; 4     ; Signed Integer                                                         ;
+----------------+-------+------------------------------------------------------------------------+
Note: In order to hide this table in the UI and the text report file, please set the "Show Parameter Settings in Synthesis Report" option in "Analysis and Synthesis Settings -> More Settings" to "Off".


+-------------------------------------------------------------------------------------------------+
; Parameter Settings for User Entity Instance: mALUlogic:mALU_i0|mux16to1:mainMux|mux2to1:mux_i0C ;
+----------------+-------+------------------------------------------------------------------------+
; Parameter Name ; Value ; Type                                                                   ;
+----------------+-------+------------------------------------------------------------------------+
; NUM_BITS       ; 4     ; Signed Integer                                                         ;
+----------------+-------+------------------------------------------------------------------------+
Note: In order to hide this table in the UI and the text report file, please set the "Show Parameter Settings in Synthesis Report" option in "Analysis and Synthesis Settings -> More Settings" to "Off".


+-------------------------------------------------------------------------------------------------+
; Parameter Settings for User Entity Instance: mALUlogic:mALU_i0|mux16to1:mainMux|mux2to1:mux_i0D ;
+----------------+-------+------------------------------------------------------------------------+
; Parameter Name ; Value ; Type                                                                   ;
+----------------+-------+------------------------------------------------------------------------+
; NUM_BITS       ; 4     ; Signed Integer                                                         ;
+----------------+-------+------------------------------------------------------------------------+
Note: In order to hide this table in the UI and the text report file, please set the "Show Parameter Settings in Synthesis Report" option in "Analysis and Synthesis Settings -> More Settings" to "Off".


+-------------------------------------------------------------------------------------------------+
; Parameter Settings for User Entity Instance: mALUlogic:mALU_i0|mux16to1:mainMux|mux2to1:mux_i0E ;
+----------------+-------+------------------------------------------------------------------------+
; Parameter Name ; Value ; Type                                                                   ;
+----------------+-------+------------------------------------------------------------------------+
; NUM_BITS       ; 4     ; Signed Integer                                                         ;
+----------------+-------+------------------------------------------------------------------------+
Note: In order to hide this table in the UI and the text report file, please set the "Show Parameter Settings in Synthesis Report" option in "Analysis and Synthesis Settings -> More Settings" to "Off".


+-----------------------------------------------------------------+
; Parameter Settings for User Entity Instance: bin2bcd:mAritmetic ;
+----------------+-------+----------------------------------------+
; Parameter Name ; Value ; Type                                   ;
+----------------+-------+----------------------------------------+
; NUM_DIGITS     ; 4     ; Signed Integer                         ;
; NUM_BITS       ; 5     ; Signed Integer                         ;
+----------------+-------+----------------------------------------+
Note: In order to hide this table in the UI and the text report file, please set the "Show Parameter Settings in Synthesis Report" option in "Analysis and Synthesis Settings -> More Settings" to "Off".


+-----------------------------------------------+
; Port Connectivity Checks: "m7SegDisp:m7segDT" ;
+-------------+-------+----------+--------------+
; Port        ; Type  ; Severity ; Details      ;
+-------------+-------+----------+--------------+
; ivSeg[3..1] ; Input ; Info     ; Stuck at GND ;
+-------------+-------+----------+--------------+


+-----------------------------------------------+
; Port Connectivity Checks: "m7SegDisp:m7segT"  ;
+-------------+-------+----------+--------------+
; Port        ; Type  ; Severity ; Details      ;
+-------------+-------+----------+--------------+
; ivSeg[3..1] ; Input ; Info     ; Stuck at GND ;
+-------------+-------+----------+--------------+


+-----------------------------------------------+
; Port Connectivity Checks: "m7SegDisp:m7segH"  ;
+-------------+-------+----------+--------------+
; Port        ; Type  ; Severity ; Details      ;
+-------------+-------+----------+--------------+
; ivSeg[3..1] ; Input ; Info     ; Stuck at GND ;
+-------------+-------+----------+--------------+


+------------------------------------------------------------------------------------------------------------------------+
; Port Connectivity Checks: "bin2bcd:mAritmetic"                                                                         ;
+--------------+--------+----------+-------------------------------------------------------------------------------------+
; Port         ; Type   ; Severity ; Details                                                                             ;
+--------------+--------+----------+-------------------------------------------------------------------------------------+
; ovBCD[15..8] ; Output ; Info     ; Connected to dangling logic. Logic that only feeds a dangling port will be removed. ;
+--------------+--------+----------+-------------------------------------------------------------------------------------+


+------------------------------------------------------------------------------------------------------------------------------------------------------------------------------------------------------------------+
; Port Connectivity Checks: "mALUlogic:mALU_i0|mux16to1:mainMux|mux2to1:mux_i0E"                                                                                                                                   ;
+-----------+--------+----------+----------------------------------------------------------------------------------------------------------------------------------------------------------------------------------+
; Port      ; Type   ; Severity ; Details                                                                                                                                                                          ;
+-----------+--------+----------+----------------------------------------------------------------------------------------------------------------------------------------------------------------------------------+
; iw_dataA  ; Input  ; Warning  ; Input port expression (5 bits) is wider than the input port (4 bits) it drives.  The 1 most-significant bit(s) in the expression will be dangling if they have no other fanouts. ;
; iw_dataB  ; Input  ; Warning  ; Input port expression (5 bits) is wider than the input port (4 bits) it drives.  The 1 most-significant bit(s) in the expression will be dangling if they have no other fanouts. ;
; or_muxout ; Output ; Warning  ; Output or bidir port (4 bits) is smaller than the port expression (5 bits) it drives.  The 1 most-significant bit(s) in the port expression will be connected to GND.            ;
+-----------+--------+----------+----------------------------------------------------------------------------------------------------------------------------------------------------------------------------------+


+------------------------------------------------------------------------------------------------------------------------------------------------------------------------------------------------------------------+
; Port Connectivity Checks: "mALUlogic:mALU_i0|mux16to1:mainMux|mux2to1:mux_i0D"                                                                                                                                   ;
+-----------+--------+----------+----------------------------------------------------------------------------------------------------------------------------------------------------------------------------------+
; Port      ; Type   ; Severity ; Details                                                                                                                                                                          ;
+-----------+--------+----------+----------------------------------------------------------------------------------------------------------------------------------------------------------------------------------+
; iw_dataA  ; Input  ; Warning  ; Input port expression (5 bits) is wider than the input port (4 bits) it drives.  The 1 most-significant bit(s) in the expression will be dangling if they have no other fanouts. ;
; iw_dataB  ; Input  ; Warning  ; Input port expression (5 bits) is wider than the input port (4 bits) it drives.  The 1 most-significant bit(s) in the expression will be dangling if they have no other fanouts. ;
; or_muxout ; Output ; Warning  ; Output or bidir port (4 bits) is smaller than the port expression (5 bits) it drives.  The 1 most-significant bit(s) in the port expression will be connected to GND.            ;
+-----------+--------+----------+----------------------------------------------------------------------------------------------------------------------------------------------------------------------------------+


+------------------------------------------------------------------------------------------------------------------------------------------------------------------------------------------------------------------+
; Port Connectivity Checks: "mALUlogic:mALU_i0|mux16to1:mainMux|mux2to1:mux_i0C"                                                                                                                                   ;
+-----------+--------+----------+----------------------------------------------------------------------------------------------------------------------------------------------------------------------------------+
; Port      ; Type   ; Severity ; Details                                                                                                                                                                          ;
+-----------+--------+----------+----------------------------------------------------------------------------------------------------------------------------------------------------------------------------------+
; iw_dataA  ; Input  ; Warning  ; Input port expression (5 bits) is wider than the input port (4 bits) it drives.  The 1 most-significant bit(s) in the expression will be dangling if they have no other fanouts. ;
; iw_dataB  ; Input  ; Warning  ; Input port expression (5 bits) is wider than the input port (4 bits) it drives.  The 1 most-significant bit(s) in the expression will be dangling if they have no other fanouts. ;
; or_muxout ; Output ; Warning  ; Output or bidir port (4 bits) is smaller than the port expression (5 bits) it drives.  The 1 most-significant bit(s) in the port expression will be connected to GND.            ;
+-----------+--------+----------+----------------------------------------------------------------------------------------------------------------------------------------------------------------------------------+


+------------------------------------------------------------------------------------------------------------------------------------------------------------------------------------------------------------------+
; Port Connectivity Checks: "mALUlogic:mALU_i0|mux16to1:mainMux|mux2to1:mux_i0B"                                                                                                                                   ;
+-----------+--------+----------+----------------------------------------------------------------------------------------------------------------------------------------------------------------------------------+
; Port      ; Type   ; Severity ; Details                                                                                                                                                                          ;
+-----------+--------+----------+----------------------------------------------------------------------------------------------------------------------------------------------------------------------------------+
; iw_dataA  ; Input  ; Warning  ; Input port expression (5 bits) is wider than the input port (4 bits) it drives.  The 1 most-significant bit(s) in the expression will be dangling if they have no other fanouts. ;
; iw_dataB  ; Input  ; Warning  ; Input port expression (5 bits) is wider than the input port (4 bits) it drives.  The 1 most-significant bit(s) in the expression will be dangling if they have no other fanouts. ;
; or_muxout ; Output ; Warning  ; Output or bidir port (4 bits) is smaller than the port expression (5 bits) it drives.  The 1 most-significant bit(s) in the port expression will be connected to GND.            ;
+-----------+--------+----------+----------------------------------------------------------------------------------------------------------------------------------------------------------------------------------+


+------------------------------------------------------------------------------------------------------------------------------------------------------------------------------------------------------------------+
; Port Connectivity Checks: "mALUlogic:mALU_i0|mux16to1:mainMux|mux2to1:mux_i0A"                                                                                                                                   ;
+-----------+--------+----------+----------------------------------------------------------------------------------------------------------------------------------------------------------------------------------+
; Port      ; Type   ; Severity ; Details                                                                                                                                                                          ;
+-----------+--------+----------+----------------------------------------------------------------------------------------------------------------------------------------------------------------------------------+
; iw_dataA  ; Input  ; Warning  ; Input port expression (5 bits) is wider than the input port (4 bits) it drives.  The 1 most-significant bit(s) in the expression will be dangling if they have no other fanouts. ;
; iw_dataB  ; Input  ; Warning  ; Input port expression (5 bits) is wider than the input port (4 bits) it drives.  The 1 most-significant bit(s) in the expression will be dangling if they have no other fanouts. ;
; or_muxout ; Output ; Warning  ; Output or bidir port (4 bits) is smaller than the port expression (5 bits) it drives.  The 1 most-significant bit(s) in the port expression will be connected to GND.            ;
+-----------+--------+----------+----------------------------------------------------------------------------------------------------------------------------------------------------------------------------------+


+------------------------------------------------------------------------------------------------------------------------------------------------------------------------------------------------------------------+
; Port Connectivity Checks: "mALUlogic:mALU_i0|mux16to1:mainMux|mux2to1:mux_i09"                                                                                                                                   ;
+-----------+--------+----------+----------------------------------------------------------------------------------------------------------------------------------------------------------------------------------+
; Port      ; Type   ; Severity ; Details                                                                                                                                                                          ;
+-----------+--------+----------+----------------------------------------------------------------------------------------------------------------------------------------------------------------------------------+
; iw_dataA  ; Input  ; Warning  ; Input port expression (5 bits) is wider than the input port (4 bits) it drives.  The 1 most-significant bit(s) in the expression will be dangling if they have no other fanouts. ;
; iw_dataB  ; Input  ; Warning  ; Input port expression (5 bits) is wider than the input port (4 bits) it drives.  The 1 most-significant bit(s) in the expression will be dangling if they have no other fanouts. ;
; or_muxout ; Output ; Warning  ; Output or bidir port (4 bits) is smaller than the port expression (5 bits) it drives.  The 1 most-significant bit(s) in the port expression will be connected to GND.            ;
+-----------+--------+----------+----------------------------------------------------------------------------------------------------------------------------------------------------------------------------------+


+------------------------------------------------------------------------------------------------------------------------------------------------------------------------------------------------------------------+
; Port Connectivity Checks: "mALUlogic:mALU_i0|mux16to1:mainMux|mux2to1:mux_i08"                                                                                                                                   ;
+-----------+--------+----------+----------------------------------------------------------------------------------------------------------------------------------------------------------------------------------+
; Port      ; Type   ; Severity ; Details                                                                                                                                                                          ;
+-----------+--------+----------+----------------------------------------------------------------------------------------------------------------------------------------------------------------------------------+
; iw_dataA  ; Input  ; Warning  ; Input port expression (5 bits) is wider than the input port (4 bits) it drives.  The 1 most-significant bit(s) in the expression will be dangling if they have no other fanouts. ;
; iw_dataB  ; Input  ; Warning  ; Input port expression (5 bits) is wider than the input port (4 bits) it drives.  The 1 most-significant bit(s) in the expression will be dangling if they have no other fanouts. ;
; or_muxout ; Output ; Warning  ; Output or bidir port (4 bits) is smaller than the port expression (5 bits) it drives.  The 1 most-significant bit(s) in the port expression will be connected to GND.            ;
+-----------+--------+----------+----------------------------------------------------------------------------------------------------------------------------------------------------------------------------------+


+------------------------------------------------------------------------------------------------------------------------------------------------------------------------------------------------------------------+
; Port Connectivity Checks: "mALUlogic:mALU_i0|mux16to1:mainMux|mux2to1:mux_i07"                                                                                                                                   ;
+-----------+--------+----------+----------------------------------------------------------------------------------------------------------------------------------------------------------------------------------+
; Port      ; Type   ; Severity ; Details                                                                                                                                                                          ;
+-----------+--------+----------+----------------------------------------------------------------------------------------------------------------------------------------------------------------------------------+
; iw_dataA  ; Input  ; Warning  ; Input port expression (5 bits) is wider than the input port (4 bits) it drives.  The 1 most-significant bit(s) in the expression will be dangling if they have no other fanouts. ;
; iw_dataB  ; Input  ; Warning  ; Input port expression (5 bits) is wider than the input port (4 bits) it drives.  The 1 most-significant bit(s) in the expression will be dangling if they have no other fanouts. ;
; or_muxout ; Output ; Warning  ; Output or bidir port (4 bits) is smaller than the port expression (5 bits) it drives.  The 1 most-significant bit(s) in the port expression will be connected to GND.            ;
+-----------+--------+----------+----------------------------------------------------------------------------------------------------------------------------------------------------------------------------------+


+------------------------------------------------------------------------------------------------------------------------------------------------------------------------------------------------------------------+
; Port Connectivity Checks: "mALUlogic:mALU_i0|mux16to1:mainMux|mux2to1:mux_i06"                                                                                                                                   ;
+-----------+--------+----------+----------------------------------------------------------------------------------------------------------------------------------------------------------------------------------+
; Port      ; Type   ; Severity ; Details                                                                                                                                                                          ;
+-----------+--------+----------+----------------------------------------------------------------------------------------------------------------------------------------------------------------------------------+
; iw_dataA  ; Input  ; Warning  ; Input port expression (5 bits) is wider than the input port (4 bits) it drives.  The 1 most-significant bit(s) in the expression will be dangling if they have no other fanouts. ;
; iw_dataB  ; Input  ; Warning  ; Input port expression (5 bits) is wider than the input port (4 bits) it drives.  The 1 most-significant bit(s) in the expression will be dangling if they have no other fanouts. ;
; or_muxout ; Output ; Warning  ; Output or bidir port (4 bits) is smaller than the port expression (5 bits) it drives.  The 1 most-significant bit(s) in the port expression will be connected to GND.            ;
+-----------+--------+----------+----------------------------------------------------------------------------------------------------------------------------------------------------------------------------------+


+------------------------------------------------------------------------------------------------------------------------------------------------------------------------------------------------------------------+
; Port Connectivity Checks: "mALUlogic:mALU_i0|mux16to1:mainMux|mux2to1:mux_i05"                                                                                                                                   ;
+-----------+--------+----------+----------------------------------------------------------------------------------------------------------------------------------------------------------------------------------+
; Port      ; Type   ; Severity ; Details                                                                                                                                                                          ;
+-----------+--------+----------+----------------------------------------------------------------------------------------------------------------------------------------------------------------------------------+
; iw_dataA  ; Input  ; Warning  ; Input port expression (5 bits) is wider than the input port (4 bits) it drives.  The 1 most-significant bit(s) in the expression will be dangling if they have no other fanouts. ;
; iw_dataB  ; Input  ; Warning  ; Input port expression (5 bits) is wider than the input port (4 bits) it drives.  The 1 most-significant bit(s) in the expression will be dangling if they have no other fanouts. ;
; or_muxout ; Output ; Warning  ; Output or bidir port (4 bits) is smaller than the port expression (5 bits) it drives.  The 1 most-significant bit(s) in the port expression will be connected to GND.            ;
+-----------+--------+----------+----------------------------------------------------------------------------------------------------------------------------------------------------------------------------------+


+------------------------------------------------------------------------------------------------------------------------------------------------------------------------------------------------------------------+
; Port Connectivity Checks: "mALUlogic:mALU_i0|mux16to1:mainMux|mux2to1:mux_i04"                                                                                                                                   ;
+-----------+--------+----------+----------------------------------------------------------------------------------------------------------------------------------------------------------------------------------+
; Port      ; Type   ; Severity ; Details                                                                                                                                                                          ;
+-----------+--------+----------+----------------------------------------------------------------------------------------------------------------------------------------------------------------------------------+
; iw_dataA  ; Input  ; Warning  ; Input port expression (5 bits) is wider than the input port (4 bits) it drives.  The 1 most-significant bit(s) in the expression will be dangling if they have no other fanouts. ;
; iw_dataB  ; Input  ; Warning  ; Input port expression (5 bits) is wider than the input port (4 bits) it drives.  The 1 most-significant bit(s) in the expression will be dangling if they have no other fanouts. ;
; or_muxout ; Output ; Warning  ; Output or bidir port (4 bits) is smaller than the port expression (5 bits) it drives.  The 1 most-significant bit(s) in the port expression will be connected to GND.            ;
+-----------+--------+----------+----------------------------------------------------------------------------------------------------------------------------------------------------------------------------------+


+------------------------------------------------------------------------------------------------------------------------------------------------------------------------------------------------------------------+
; Port Connectivity Checks: "mALUlogic:mALU_i0|mux16to1:mainMux|mux2to1:mux_i03"                                                                                                                                   ;
+-----------+--------+----------+----------------------------------------------------------------------------------------------------------------------------------------------------------------------------------+
; Port      ; Type   ; Severity ; Details                                                                                                                                                                          ;
+-----------+--------+----------+----------------------------------------------------------------------------------------------------------------------------------------------------------------------------------+
; iw_dataA  ; Input  ; Warning  ; Input port expression (5 bits) is wider than the input port (4 bits) it drives.  The 1 most-significant bit(s) in the expression will be dangling if they have no other fanouts. ;
; iw_dataB  ; Input  ; Warning  ; Input port expression (5 bits) is wider than the input port (4 bits) it drives.  The 1 most-significant bit(s) in the expression will be dangling if they have no other fanouts. ;
; or_muxout ; Output ; Warning  ; Output or bidir port (4 bits) is smaller than the port expression (5 bits) it drives.  The 1 most-significant bit(s) in the port expression will be connected to GND.            ;
+-----------+--------+----------+----------------------------------------------------------------------------------------------------------------------------------------------------------------------------------+


+------------------------------------------------------------------------------------------------------------------------------------------------------------------------------------------------------------------+
; Port Connectivity Checks: "mALUlogic:mALU_i0|mux16to1:mainMux|mux2to1:mux_i02"                                                                                                                                   ;
+-----------+--------+----------+----------------------------------------------------------------------------------------------------------------------------------------------------------------------------------+
; Port      ; Type   ; Severity ; Details                                                                                                                                                                          ;
+-----------+--------+----------+----------------------------------------------------------------------------------------------------------------------------------------------------------------------------------+
; iw_dataA  ; Input  ; Warning  ; Input port expression (5 bits) is wider than the input port (4 bits) it drives.  The 1 most-significant bit(s) in the expression will be dangling if they have no other fanouts. ;
; iw_dataB  ; Input  ; Warning  ; Input port expression (5 bits) is wider than the input port (4 bits) it drives.  The 1 most-significant bit(s) in the expression will be dangling if they have no other fanouts. ;
; or_muxout ; Output ; Warning  ; Output or bidir port (4 bits) is smaller than the port expression (5 bits) it drives.  The 1 most-significant bit(s) in the port expression will be connected to GND.            ;
+-----------+--------+----------+----------------------------------------------------------------------------------------------------------------------------------------------------------------------------------+


+------------------------------------------------------------------------------------------------------------------------------------------------------------------------------------------------------------------+
; Port Connectivity Checks: "mALUlogic:mALU_i0|mux16to1:mainMux|mux2to1:mux_i01"                                                                                                                                   ;
+-----------+--------+----------+----------------------------------------------------------------------------------------------------------------------------------------------------------------------------------+
; Port      ; Type   ; Severity ; Details                                                                                                                                                                          ;
+-----------+--------+----------+----------------------------------------------------------------------------------------------------------------------------------------------------------------------------------+
; iw_dataA  ; Input  ; Warning  ; Input port expression (5 bits) is wider than the input port (4 bits) it drives.  The 1 most-significant bit(s) in the expression will be dangling if they have no other fanouts. ;
; iw_dataB  ; Input  ; Warning  ; Input port expression (5 bits) is wider than the input port (4 bits) it drives.  The 1 most-significant bit(s) in the expression will be dangling if they have no other fanouts. ;
; or_muxout ; Output ; Warning  ; Output or bidir port (4 bits) is smaller than the port expression (5 bits) it drives.  The 1 most-significant bit(s) in the port expression will be connected to GND.            ;
+-----------+--------+----------+----------------------------------------------------------------------------------------------------------------------------------------------------------------------------------+


+------------------------------------------------------------------------------------------------------------------------------------------------------------------------------------------------------------------+
; Port Connectivity Checks: "mALUlogic:mALU_i0|mux16to1:mainMux|mux2to1:mux_i00"                                                                                                                                   ;
+-----------+--------+----------+----------------------------------------------------------------------------------------------------------------------------------------------------------------------------------+
; Port      ; Type   ; Severity ; Details                                                                                                                                                                          ;
+-----------+--------+----------+----------------------------------------------------------------------------------------------------------------------------------------------------------------------------------+
; iw_dataA  ; Input  ; Warning  ; Input port expression (5 bits) is wider than the input port (4 bits) it drives.  The 1 most-significant bit(s) in the expression will be dangling if they have no other fanouts. ;
; iw_dataB  ; Input  ; Warning  ; Input port expression (5 bits) is wider than the input port (4 bits) it drives.  The 1 most-significant bit(s) in the expression will be dangling if they have no other fanouts. ;
; or_muxout ; Output ; Warning  ; Output or bidir port (4 bits) is smaller than the port expression (5 bits) it drives.  The 1 most-significant bit(s) in the port expression will be connected to GND.            ;
+-----------+--------+----------+----------------------------------------------------------------------------------------------------------------------------------------------------------------------------------+


+------------------------------------------------------------------------------------------------------------------------------------------------------------------------------------------------------------------------+
; Port Connectivity Checks: "mALUlogic:mALU_i0|mux16to1:mainMux"                                                                                                                                                         ;
+----------------+-------+----------+------------------------------------------------------------------------------------------------------------------------------------------------------------------------------------+
; Port           ; Type  ; Severity ; Details                                                                                                                                                                            ;
+----------------+-------+----------+------------------------------------------------------------------------------------------------------------------------------------------------------------------------------------+
; ivData02       ; Input ; Warning  ; Input port expression (32 bits) is wider than the input port (5 bits) it drives.  The 27 most-significant bit(s) in the expression will be dangling if they have no other fanouts. ;
; ivData0A       ; Input ; Warning  ; Input port expression (4 bits) is smaller than the input port (5 bits) it drives.  Extra input bit(s) "ivData0A[4..4]" will be connected to GND.                                   ;
; ivData0A       ; Input ; Info     ; Stuck at GND                                                                                                                                                                       ;
; ivData0B       ; Input ; Warning  ; Input port expression (4 bits) is smaller than the input port (5 bits) it drives.  Extra input bit(s) "ivData0B[4..4]" will be connected to GND.                                   ;
; ivData0B       ; Input ; Info     ; Stuck at GND                                                                                                                                                                       ;
; ivData0C       ; Input ; Warning  ; Input port expression (4 bits) is smaller than the input port (5 bits) it drives.  Extra input bit(s) "ivData0C[4..4]" will be connected to GND.                                   ;
; ivData0C       ; Input ; Info     ; Stuck at GND                                                                                                                                                                       ;
; ivData0D       ; Input ; Warning  ; Input port expression (4 bits) is smaller than the input port (5 bits) it drives.  Extra input bit(s) "ivData0D[4..4]" will be connected to GND.                                   ;
; ivData0D       ; Input ; Info     ; Stuck at GND                                                                                                                                                                       ;
; ivData0E       ; Input ; Warning  ; Input port expression (4 bits) is smaller than the input port (5 bits) it drives.  Extra input bit(s) "ivData0E[4..4]" will be connected to GND.                                   ;
; ivData0E       ; Input ; Info     ; Stuck at GND                                                                                                                                                                       ;
; ivData0F       ; Input ; Warning  ; Input port expression (4 bits) is smaller than the input port (5 bits) it drives.  Extra input bit(s) "ivData0F[4..4]" will be connected to GND.                                   ;
; ivData0F[3..1] ; Input ; Info     ; Stuck at GND                                                                                                                                                                       ;
; ivData0F[1]    ; Input ; Info     ; Stuck at VCC                                                                                                                                                                       ;
+----------------+-------+----------+------------------------------------------------------------------------------------------------------------------------------------------------------------------------------------+


+-----------------------------------------------------+
; Post-Synthesis Netlist Statistics for Top Partition ;
+-----------------------+-----------------------------+
; Type                  ; Count                       ;
+-----------------------+-----------------------------+
; arriav_lcell_comb     ; 59                          ;
;     extend            ; 3                           ;
;         7 data inputs ; 3                           ;
;     normal            ; 56                          ;
;         0 data inputs ; 2                           ;
;         1 data inputs ; 3                           ;
;         2 data inputs ; 3                           ;
;         3 data inputs ; 7                           ;
;         4 data inputs ; 15                          ;
;         5 data inputs ; 12                          ;
;         6 data inputs ; 14                          ;
; arriav_mac            ; 1                           ;
; boundary_port         ; 66                          ;
;                       ;                             ;
; Max LUT depth         ; 6.00                        ;
; Average LUT depth     ; 5.03                        ;
+-----------------------+-----------------------------+


+-------------------------------+
; Elapsed Time Per Partition    ;
+----------------+--------------+
; Partition Name ; Elapsed Time ;
+----------------+--------------+
; Top            ; 00:00:01     ;
+----------------+--------------+


+-------------------------------+
; Analysis & Synthesis Messages ;
+-------------------------------+
Info: *******************************************************************
Info: Running Quartus Prime Analysis & Synthesis
    Info: Version 25.1std.0 Build 1129 10/21/2025 SC Lite Edition
    Info: Processing started: Mon Sep 28 13:24:04 2026
Info: Command: quartus_map --read_settings_files=on --write_settings_files=off alu_display -c top_alu
Info (20030): Parallel compilation is enabled and will use 4 of the 4 processors detected
Info (12021): Found 1 design units, including 1 entities, in source file m_fadder.v
    Info (12023): Found entity 1: m_fadder File: C:/altera_ws/05_AluDisplay/m_fadder.v Line: 60
Info (12021): Found 1 design units, including 1 entities, in source file m_7segdisp.v
    Info (12023): Found entity 1: m7SegDisp File: C:/altera_ws/05_AluDisplay/m_7SegDisp.v Line: 1
Info (12021): Found 1 design units, including 1 entities, in source file top_alu.v
    Info (12023): Found entity 1: top_alu File: C:/altera_ws/05_AluDisplay/top_alu.v Line: 1
Info (12021): Found 1 design units, including 1 entities, in source file mtb_simple.v
    Info (12023): Found entity 1: mtb_simple File: C:/altera_ws/05_AluDisplay/mtb_simple.v Line: 3
Info (12021): Found 1 design units, including 1 entities, in source file mux2to1.v
    Info (12023): Found entity 1: mux2to1 File: C:/altera_ws/05_AluDisplay/mux2to1.v Line: 3
Info (12021): Found 1 design units, including 1 entities, in source file mux4to1.v
    Info (12023): Found entity 1: mux4to1 File: C:/altera_ws/05_AluDisplay/mux4to1.v Line: 1
Info (12021): Found 1 design units, including 1 entities, in source file mp_fadder.v
    Info (12023): Found entity 1: mp_fadder File: C:/altera_ws/05_AluDisplay/mp_fadder.v Line: 1
Info (12021): Found 1 design units, including 1 entities, in source file tb_mux4to1.v
    Info (12023): Found entity 1: tb_mux4to1 File: C:/altera_ws/05_AluDisplay/tb_mux4to1.v Line: 4
Info (12021): Found 1 design units, including 1 entities, in source file tb_mp_fadder.v
    Info (12023): Found entity 1: tb_mp_fadder File: C:/altera_ws/05_AluDisplay/tb_mp_fadder.v Line: 7
Info (12021): Found 1 design units, including 1 entities, in source file tb_topalu.v
    Info (12023): Found entity 1: tb_topAlu File: C:/altera_ws/05_AluDisplay/tb_topAlu.v Line: 2
Info (12021): Found 1 design units, including 1 entities, in source file malulogic.v
    Info (12023): Found entity 1: mALUlogic File: C:/altera_ws/05_AluDisplay/mALUlogic.v Line: 2
Info (12021): Found 1 design units, including 1 entities, in source file tb_alulogic.v
    Info (12023): Found entity 1: tb_ALUlogic File: C:/altera_ws/05_AluDisplay/tb_ALUlogic.v Line: 5
Info (12021): Found 1 design units, including 1 entities, in source file m_mux16to1.v
    Info (12023): Found entity 1: mux16to1 File: C:/altera_ws/05_AluDisplay/m_mux16to1.v Line: 1
Info (12021): Found 1 design units, including 1 entities, in source file bin2bcd.v
    Info (12023): Found entity 1: bin2bcd File: C:/altera_ws/05_AluDisplay/bin2bcd.v Line: 1
Info (12021): Found 1 design units, including 1 entities, in source file tb_bin2bcd.v
    Info (12023): Found entity 1: tb_bin2bcd File: C:/altera_ws/05_AluDisplay/tb_bin2bcd.v Line: 2
Info (12127): Elaborating entity "top_alu" for the top level hierarchy
Info (12128): Elaborating entity "mALUlogic" for hierarchy "mALUlogic:mALU_i0" File: C:/altera_ws/05_AluDisplay/top_alu.v Line: 90
Info (12128): Elaborating entity "mp_fadder" for hierarchy "mALUlogic:mALU_i0|mp_fadder:signedSumSub" File: C:/altera_ws/05_AluDisplay/mALUlogic.v Line: 86
Info (12128): Elaborating entity "m_fadder" for hierarchy "mALUlogic:mALU_i0|mp_fadder:signedSumSub|m_fadder:adder_loop[0].fa_i" File: C:/altera_ws/05_AluDisplay/mp_fadder.v Line: 20
Info (12128): Elaborating entity "mux16to1" for hierarchy "mALUlogic:mALU_i0|mux16to1:mainMux" File: C:/altera_ws/05_AluDisplay/mALUlogic.v Line: 118
Info (12128): Elaborating entity "mux2to1" for hierarchy "mALUlogic:mALU_i0|mux16to1:mainMux|mux2to1:mux_i00" File: C:/altera_ws/05_AluDisplay/m_mux16to1.v Line: 41
Info (12128): Elaborating entity "bin2bcd" for hierarchy "bin2bcd:mAritmetic" File: C:/altera_ws/05_AluDisplay/top_alu.v Line: 100
Warning (10230): Verilog HDL assignment warning at bin2bcd.v(22): truncated value with size 32 to match size of target (4) File: C:/altera_ws/05_AluDisplay/bin2bcd.v Line: 22
Info (12128): Elaborating entity "m7SegDisp" for hierarchy "m7SegDisp:m7segU" File: C:/altera_ws/05_AluDisplay/top_alu.v Line: 106
Warning (12011): Net is missing source, defaulting to GND
    Warning (12110): Net "mALUlogic:mALU_i0|mux16to1:mainMux|w00[4]" is missing source, defaulting to GND File: C:/altera_ws/05_AluDisplay/m_mux16to1.v Line: 23
    Warning (12110): Net "mALUlogic:mALU_i0|mux16to1:mainMux|w01[4]" is missing source, defaulting to GND File: C:/altera_ws/05_AluDisplay/m_mux16to1.v Line: 24
    Warning (12110): Net "mALUlogic:mALU_i0|mux16to1:mainMux|w02[4]" is missing source, defaulting to GND File: C:/altera_ws/05_AluDisplay/m_mux16to1.v Line: 25
    Warning (12110): Net "mALUlogic:mALU_i0|mux16to1:mainMux|w03[4]" is missing source, defaulting to GND File: C:/altera_ws/05_AluDisplay/m_mux16to1.v Line: 26
    Warning (12110): Net "mALUlogic:mALU_i0|mux16to1:mainMux|w04[4]" is missing source, defaulting to GND File: C:/altera_ws/05_AluDisplay/m_mux16to1.v Line: 27
    Warning (12110): Net "mALUlogic:mALU_i0|mux16to1:mainMux|w05[4]" is missing source, defaulting to GND File: C:/altera_ws/05_AluDisplay/m_mux16to1.v Line: 28
    Warning (12110): Net "mALUlogic:mALU_i0|mux16to1:mainMux|w06[4]" is missing source, defaulting to GND File: C:/altera_ws/05_AluDisplay/m_mux16to1.v Line: 29
    Warning (12110): Net "mALUlogic:mALU_i0|mux16to1:mainMux|w07[4]" is missing source, defaulting to GND File: C:/altera_ws/05_AluDisplay/m_mux16to1.v Line: 30
    Warning (12110): Net "mALUlogic:mALU_i0|mux16to1:mainMux|w08[4]" is missing source, defaulting to GND File: C:/altera_ws/05_AluDisplay/m_mux16to1.v Line: 31
    Warning (12110): Net "mALUlogic:mALU_i0|mux16to1:mainMux|w09[4]" is missing source, defaulting to GND File: C:/altera_ws/05_AluDisplay/m_mux16to1.v Line: 32
    Warning (12110): Net "mALUlogic:mALU_i0|mux16to1:mainMux|w0A[4]" is missing source, defaulting to GND File: C:/altera_ws/05_AluDisplay/m_mux16to1.v Line: 33
    Warning (12110): Net "mALUlogic:mALU_i0|mux16to1:mainMux|w0B[4]" is missing source, defaulting to GND File: C:/altera_ws/05_AluDisplay/m_mux16to1.v Line: 34
    Warning (12110): Net "mALUlogic:mALU_i0|mux16to1:mainMux|w0C[4]" is missing source, defaulting to GND File: C:/altera_ws/05_AluDisplay/m_mux16to1.v Line: 35
    Warning (12110): Net "mALUlogic:mALU_i0|mux16to1:mainMux|w0D[4]" is missing source, defaulting to GND File: C:/altera_ws/05_AluDisplay/m_mux16to1.v Line: 36
Warning (12241): 16 hierarchies have connectivity warnings - see the Connectivity Checks report folder
Warning (13024): Output pins are stuck at VCC or GND
    Warning (13410): Pin "LEDR[4]" is stuck at GND File: C:/altera_ws/05_AluDisplay/top_alu.v Line: 10
    Warning (13410): Pin "LEDR[5]" is stuck at GND File: C:/altera_ws/05_AluDisplay/top_alu.v Line: 10
    Warning (13410): Pin "HEX1[1]" is stuck at GND File: C:/altera_ws/05_AluDisplay/top_alu.v Line: 12
    Warning (13410): Pin "HEX1[2]" is stuck at GND File: C:/altera_ws/05_AluDisplay/top_alu.v Line: 12
    Warning (13410): Pin "HEX1[6]" is stuck at VCC File: C:/altera_ws/05_AluDisplay/top_alu.v Line: 12
    Warning (13410): Pin "HEX2[1]" is stuck at GND File: C:/altera_ws/05_AluDisplay/top_alu.v Line: 13
    Warning (13410): Pin "HEX2[2]" is stuck at GND File: C:/altera_ws/05_AluDisplay/top_alu.v Line: 13
    Warning (13410): Pin "HEX2[6]" is stuck at VCC File: C:/altera_ws/05_AluDisplay/top_alu.v Line: 13
    Warning (13410): Pin "HEX3[1]" is stuck at GND File: C:/altera_ws/05_AluDisplay/top_alu.v Line: 14
    Warning (13410): Pin "HEX3[2]" is stuck at GND File: C:/altera_ws/05_AluDisplay/top_alu.v Line: 14
    Warning (13410): Pin "HEX3[6]" is stuck at VCC File: C:/altera_ws/05_AluDisplay/top_alu.v Line: 14
    Warning (13410): Pin "HEX4[0]" is stuck at GND File: C:/altera_ws/05_AluDisplay/top_alu.v Line: 15
    Warning (13410): Pin "HEX4[1]" is stuck at GND File: C:/altera_ws/05_AluDisplay/top_alu.v Line: 15
    Warning (13410): Pin "HEX4[2]" is stuck at GND File: C:/altera_ws/05_AluDisplay/top_alu.v Line: 15
    Warning (13410): Pin "HEX4[3]" is stuck at GND File: C:/altera_ws/05_AluDisplay/top_alu.v Line: 15
    Warning (13410): Pin "HEX4[4]" is stuck at GND File: C:/altera_ws/05_AluDisplay/top_alu.v Line: 15
    Warning (13410): Pin "HEX4[5]" is stuck at GND File: C:/altera_ws/05_AluDisplay/top_alu.v Line: 15
    Warning (13410): Pin "HEX4[6]" is stuck at VCC File: C:/altera_ws/05_AluDisplay/top_alu.v Line: 15
    Warning (13410): Pin "HEX5[0]" is stuck at VCC File: C:/altera_ws/05_AluDisplay/top_alu.v Line: 17
    Warning (13410): Pin "HEX5[1]" is stuck at VCC File: C:/altera_ws/05_AluDisplay/top_alu.v Line: 17
    Warning (13410): Pin "HEX5[2]" is stuck at VCC File: C:/altera_ws/05_AluDisplay/top_alu.v Line: 17
    Warning (13410): Pin "HEX5[3]" is stuck at VCC File: C:/altera_ws/05_AluDisplay/top_alu.v Line: 17
    Warning (13410): Pin "HEX5[4]" is stuck at VCC File: C:/altera_ws/05_AluDisplay/top_alu.v Line: 17
    Warning (13410): Pin "HEX5[5]" is stuck at VCC File: C:/altera_ws/05_AluDisplay/top_alu.v Line: 17
Info (286030): Timing-Driven Synthesis is running
Info (16010): Generating hard_block partition "hard_block:auto_generated_inst"
    Info (16011): Adding 0 node(s), including 0 DDIO, 0 PLL, 0 transceiver and 0 LCELL
Info (21057): Implemented 121 device resources after synthesis - the final resource count might be different
    Info (21058): Implemented 14 input pins
    Info (21059): Implemented 52 output pins
    Info (21061): Implemented 54 logic cells
    Info (21062): Implemented 1 DSP elements
Info: Quartus Prime Analysis & Synthesis was successful. 0 errors, 42 warnings
    Info: Peak virtual memory: 4841 megabytes
    Info: Processing ended: Mon Sep 28 13:24:17 2026
    Info: Elapsed time: 00:00:13
    Info: Total CPU time (on all processors): 00:00:29


